root@vultr:/app# # Find all files that might use WebSockets
find /app -type f -name "*.ts" -o -name "*.tsx" -o -name "*.js" | xargs grep -l "WebSocket" 2>/dev/null
/app/fix-websocket.js
/app/node_modules/jose/dist/webapi/jwks/remote.js
/app/node_modules/@neondatabase/serverless/index.d.ts
/app/node_modules/@neondatabase/serverless/index.js
/app/node_modules/undici-types/websocket.d.ts
/app/node_modules/googleapis/build/src/apis/blockchainnodeengine/v1.d.ts
/app/node_modules/googleapis/build/src/apis/logging/v2.d.ts
/app/node_modules/typescript/lib/lib.webworker.d.ts
/app/node_modules/typescript/lib/lib.dom.d.ts
/app/node_modules/jiti/dist/babel.js
/app/node_modules/rollup/dist/es/shared/node-entry.js
/app/node_modules/rollup/dist/shared/rollup.js
/app/node_modules/@types/express-session/index.d.ts
/app/node_modules/@types/ws/index.d.ts
/app/node_modules/vite/types/customEvent.d.ts
/app/node_modules/vite/dist/node/index.d.ts
/app/node_modules/vite/dist/node/chunks/dep-CHZK6zbr.js
/app/node_modules/ws/lib/receiver.js
/app/node_modules/ws/lib/subprotocol.js
/app/node_modules/ws/lib/stream.js
/app/node_modules/ws/lib/extension.js
/app/node_modules/ws/lib/websocket.js
/app/node_modules/ws/lib/constants.js
/app/node_modules/ws/lib/sender.js
/app/node_modules/ws/lib/websocket-server.js
/app/node_modules/ws/index.js
/app/node_modules/ws/browser.js
/app/websocket-fix.js
root@vultr:/app# # Example edit - you'll need to change this based on your actual file
nano /app/client/src/hooks/useWebSocket.ts
root@vultr:/app# cat > /app/minimal-schema.sql << 'EOF'
CREATE TABLE IF NOT EXISTS campaigns (
  id SERIAL PRIMARY KEY,
  name VARCHAR(255) NOT NULL,
  description TEXT,
  trafficstar_id INTEGER,
  custom_path VARCHAR(255) UNIQUE,
  active BOOLEAN DEFAULT true,
  click_threshold_activate INTEGER DEFAULT 15000,
  click_threshold_pause INTEGER DEFAULT 5000,
  created_at TIMESTAMP DEFAULT NOW(),
  updated_at TIMESTAMP DEFAULT NOW(),
  last_budget_update TIMESTAMP,
  budget_adjusted_today BOOLEAN DEFAULT false,
  last_spent_check TIMESTAMP,
  daily_spent DECIMAL(10,4) DEFAULT 0
);

CREATE TABLE IF NOT EXISTS urls (
  id SERIAL PRIMARY KEY,
  name VARCHAR(255) NOT NULL,
  target_url TEXT NOT NULL,
  campaign_id INTEGER REFERENCES campaigns(id) ON DELETE CASCADE,
  click_count INTEGER DEFAULT 0,
  click_limit INTEGER NOT NULL,
  original_click_limit INTEGER,
  active BOOLEAN DEFAULT true,
  created_at TIMESTAMP DEFAULT NOW(),
  updated_at TIMESTAMP DEFAULT NOW(),
  deleted BOOLEAN DEFAULT false
);
EOF

# Execute the schema
PGPASSWORD=postgres psql -U postgres -h localhost -d postgres -f /app/minimal-schema.sql
psql:/app/minimal-schema.sql:16: NOTICE:  relation "campaigns" already exists, skipping
CREATE TABLE
psql:/app/minimal-schema.sql:30: NOTICE:  relation "urls" already exists, skipping
CREATE TABLE
root@vultr:/app# cat > /app/test-server.js << 'EOF'
const express = require('express');
const { Pool } = require('pg');
const cors = require('cors');

const app = express();
app.use(express.json());
app.use(cors({
  origin: '*',
  methods: ['GET', 'POST', 'PUT', 'DELETE']
}));

const pool = new Pool({
  connectionString: 'postgres://postgres:postgres@localhost:5432/postgres'
});

// Test route
app.get('/api/test', (req, res) => {
  res.json({ message: 'API is working' });
});

// Get all campaigns
app.get('/api/campaigns', async (req, res) => {
  try {
    const result = await pool.query('SELECT * FROM campaigns');
    res.json(result.rows);
  } catch (error) {
    console.error('Error fetching campaigns:', error);
    res.status(500).json({ message: 'Failed to fetch campaigns', error: error.message });
  }
});

// Create a campaign
app.post('/api/campaigns', async (req, res) => {
  try {
    const { name, description } = req.body;
    const result = await pool.query(
      'INSERT INTO campaigns (name, description) VALUES ($1, $2) RETURNING *',
      [name, description]
    );
    res.status(201).json(result.rows[0]);
  } catch (error) {
    console.error('Error creating campaign:', error);
    res.status(500).json({ message: 'Failed to create campaign', error: error.message });
npm install express pg corsver running on port ${PORT}`);', error: error.message }); $3, $4) RETURNING *',

added 1 package, changed 5 packages, and audited 619 packages in 5s

78 packages are looking for funding
  run `npm fund` for details

15 vulnerabilities (8 moderate, 3 high, 4 critical)

To address issues that do not require attention, run:
  npm audit fix

To address all issues (including breaking changes), run:
  npm audit fix --force

Run `npm audit` for details.
root@vultr:/app# node /app/test-server.js &
[1] 22554
root@vultr:/app# file:///app/test-server.js:1
const express = require('express');
                ^

ReferenceError: require is not defined in ES module scope, you can use import instead
This file is being treated as an ES module because it has a '.js' file extension and '/app/package.json' contains "type": "module". To treat it as a CommonJS script, rename it to use the '.cjs' file extension.
    at file:///app/test-server.js:1:17
    at ModuleJob.run (node:internal/modules/esm/module_job:263:25)
    at async ModuleLoader.import (node:internal/modules/esm/loader:540:24)
    at async asyncRunEntryPointWithESMLoader (node:internal/modules/run_main:117:5)

Node.js v20.19.1
cat > /etc/nginx/sites-available/url-manager << 'EOF'
server {
    listen 80;
    listen [::]:80;
    server_name _;

    # Proxy all requests to the test API server
    location / {
        proxy_pass http://127.0.0.1:3000;
        proxy_http_version 1.1;
        proxy_set_header Upgrade $http_upgrade;
        proxy_set_header Connection 'upgrade';
        proxy_set_header Host $host;
        proxy_set_header X-Forwarded-For $proxy_add_x_forwarded_for;
        proxy_set_header X-Forwarded-Proto $scheme;
    }
}
EOF

# Apply the new configuration
nginx -t
systemctl restart nginx^C
[1]+  Exit 1                  node /app/test-server.js
root@vultr:/app# cat > /etc/nginx/sites-available/url-manager << 'EOF'
server {
    listen 80;
    listen [::]:80;
    server_name _;

    # Proxy all requests to the test API server
    location / {
        proxy_pass http://127.0.0.1:3000;
        proxy_http_version 1.1;
        proxy_set_header Upgrade $http_upgrade;
        proxy_set_header Connection 'upgrade';
        proxy_set_header Host $host;
        proxy_set_header X-Forwarded-For $proxy_add_x_forwarded_for;
        proxy_set_header X-Forwarded-Proto $scheme;
    }
}
EOF

# Apply the new configuration
nginx -t
systemctl restart nginx
nginx: the configuration file /etc/nginx/nginx.conf syntax is ok
nginx: configuration file /etc/nginx/nginx.conf test is successful
root@vultr:/app# # Test the API endpoints
curl http://localhost/api/test
curl http://localhost/api/campaigns
curl -X POST http://localhost/api/campaigns -H "Content-Type: application/json" -d '{"name":"Test Campaign","description":"Created for testing"}'
<html>
<head><title>502 Bad Gateway</title></head>
<body>
<center><h1>502 Bad Gateway</h1></center>
<hr><center>nginx/1.18.0 (Ubuntu)</center>
</body>
</html>
<html>
<head><title>502 Bad Gateway</title></head>
<body>
<center><h1>502 Bad Gateway</h1></center>
<hr><center>nginx/1.18.0 (Ubuntu)</center>
</body>
</html>
<html>
<head><title>502 Bad Gateway</title></head>
<body>
<center><h1>502 Bad Gateway</h1></center>
<hr><center>nginx/1.18.0 (Ubuntu)</center>
</body>
</html>
