root@vultr:/app# cat > /etc/nginx/sites-available/url-manager << 'EOF'
server {
    listen 80;
    listen [::]:80;
    server_name _;

    # Proxy all requests to the test API server
    location / {
        proxy_pass http://127.0.0.1:3000;
        proxy_http_version 1.1;
        proxy_set_header Upgrade $http_upgrade;
        proxy_set_header Connection 'upgrade';
        proxy_set_header Host $host;
        proxy_set_header X-Forwarded-For $proxy_add_x_forwarded_for;
        proxy_set_header X-Forwarded-Proto $scheme;
    }
}
EOF

# Apply the new configuration
nginx -t
systemctl restart nginx
nginx: the configuration file /etc/nginx/nginx.conf syntax is ok
nginx: configuration file /etc/nginx/nginx.conf test is successful
root@vultr:/app# # Test the API endpoints
curl http://localhost/api/test
curl http://localhost/api/campaigns
curl -X POST http://localhost/api/campaigns -H "Content-Type: application/json" -d '{"name":"Test Campaign","description":"Created for testing"}'
<html>
<head><title>502 Bad Gateway</title></head>
<body>
<center><h1>502 Bad Gateway</h1></center>
<hr><center>nginx/1.18.0 (Ubuntu)</center>
</body>
</html>
<html>
<head><title>502 Bad Gateway</title></head>
<body>
<center><h1>502 Bad Gateway</h1></center>
<hr><center>nginx/1.18.0 (Ubuntu)</center>
</body>
</html>
<html>
<head><title>502 Bad Gateway</title></head>
<body>
<center><h1>502 Bad Gateway</h1></center>
<hr><center>nginx/1.18.0 (Ubuntu)</center>
</body>
</html>
root@vultr:/app# root@vultr:/app# # Find all files that might use WebSockets
find /app -type f -name "*.ts" -o -name "*.tsx" -o -name "*.js" | xargs grep -l "WebSocket" 2>/dev/null
/app/fix-websocket.js
/app/node_modules/jose/dist/webapi/jwks/remote.js
/app/node_modules/@neondatabase/serverless/index.d.ts
/app/node_modules/@neondatabase/serverless/index.js
/app/node_modules/undici-types/websocket.d.ts
/app/node_modules/googleapis/build/src/apis/blockchainnodeengine/v1.d.ts
/app/node_modules/googleapis/build/src/apis/logging/v2.d.ts
/app/node_modules/typescript/lib/lib.webworker.d.ts
/app/node_modules/typescript/lib/lib.dom.d.ts
/app/node_modules/jiti/dist/babel.js
/app/node_modules/rollup/dist/es/shared/node-entry.js
/app/node_modules/rollup/dist/shared/rollup.js
/app/node_modules/@types/express-session/index.d.ts
/app/node_modules/@types/ws/index.d.ts
/app/node_modules/vite/types/customEvent.d.ts
/app/node_modules/vite/dist/node/index.d.ts
/app/node_modules/vite/dist/node/chunks/dep-CHZK6zbr.js
/app/node_modules/ws/lib/receiver.js
/app/node_modules/ws/lib/subprotocol.js
/app/node_modules/ws/lib/stream.js
/app/node_modules/ws/lib/extension.js
/app/node_modules/ws/lib/websocket.js
/app/node_modules/ws/lib/constants.js
/app/node_modules/ws/lib/sender.js
/app/node_modules/ws/lib/websocket-server.js
/app/node_modules/ws/index.js
/app/node_modules/ws/browser.js
/app/websocket-fix.js
root@vultr:/app# # Example edit - you'll need to change this based on your actual file
nano /app/client/src/hooks/useWebSocket.ts
root@vultr:/app# cat > /app/minimal-schema.sql << 'EOF'
CREATE TABLE IF NOT EXISTS campaigns (
  id SERIAL PRIMARY KEY,
  name VARCHAR(255) NOT NULL,
  description TEXT,
  trafficstar_id INTEGER,
  custom_path VARCHAR(255) UNIQUE,
  active BOOLEAN DEFAULT true,
  click_threshold_activate INTEGER DEFAULT 15000,
  click_threshold_pause INTEGER DEFAULT 5000,
  created_at TIMESTAMP DEFAULT NOW(),
  updated_at TIMESTAMP DEFAULT NOW(),
    res.status(500).json({ message: 'Failed to create URL', error: error.message });^C3, $4) RETURNING *',","description":"Created for testing"}'s a CommonJS
root@vultr:/app# cat > /app/test-server.mjs << 'EOF'
import express from 'express';
import pg from 'pg';
import cors from 'cors';

const { Pool } = pg;
const app = express();

app.use(express.json());
app.use(cors({
  origin: '*',
  methods: ['GET', 'POST', 'PUT', 'DELETE']
}));

const pool = new Pool({
  connectionString: 'postgres://postgres:postgres@localhost:5432/postgres'
});

// Test route
app.get('/api/test', (req, res) => {
  res.json({ message: 'API is working' });
});

// Get all campaigns
app.get('/api/campaigns', async (req, res) => {
  try {
    const result = await pool.query('SELECT * FROM campaigns');
    res.json(result.rows);
  } catch (error) {
    console.error('Error fetching campaigns:', error);
    res.status(500).json({ message: 'Failed to fetch campaigns', error: error.message });
  }
});

// Create a campaign
app.post('/api/campaigns', async (req, res) => {
  try {
    const { name, description } = req.body;
    const result = await pool.query(
      'INSERT INTO campaigns (name, description) VALUES ($1, $2) RETURNING *',
      [name, description]
    );
    res.status(201).json(result.rows[0]);
  } catch (error) {
    res.status(500).json({ message: 'Failed to create URL', error: error.message }); $3, $4) RETURNING *',
>
> ^C
root@vultr:/app# # Run the server in the background
node /app/test-server.mjs &

# Verify it's running
curl http://localhost:3000/api/test
[1] 22589
curl: (7) Failed to connect to localhost port 3000 after 0 ms: Connection refused
root@vultr:/app# node:internal/modules/cjs/loader:1215
  throw err;
  ^

Error: Cannot find module '/app/test-server.mjs'
    at Module._resolveFilename (node:internal/modules/cjs/loader:1212:15)
    at Module._load (node:internal/modules/cjs/loader:1043:27)
    at Function.executeUserEntryPoint [as runMain] (node:internal/modules/run_main:164:12)
    at node:internal/main/run_main_module:28:49 {
  code: 'MODULE_NOT_FOUND',
  requireStack: []
}

Node.js v20.19.1
^[[200~find /app -path "*/client/src/*" -type f -name "*.ts" -o -name "*.tsx" -o -name "*.js" | xargs grep -l "WebSocket\|ws://" 2>/dev/null^[[201~^C^C
[1]+  Exit 1                  node /app/test-server.mjs
root@vultr:/app# find /app -path "*/client/src/*" -type f -name "*.ts" -o -name "*.tsx" -o -name "*.js" | xargs grep -l "WebSocket\|ws://" 2>/dev/null
/app/fix-websocket.js
/app/node_modules/jose/dist/webapi/jwks/remote.js
/app/node_modules/@neondatabase/serverless/index.js
/app/node_modules/proxy-from-env/test.js
/app/node_modules/jiti/dist/babel.js
/app/node_modules/rollup/dist/es/shared/node-entry.js
/app/node_modules/rollup/dist/shared/rollup.js
/app/node_modules/vite/dist/node/chunks/dep-CHZK6zbr.js
/app/node_modules/ws/lib/receiver.js
/app/node_modules/ws/lib/subprotocol.js
/app/node_modules/ws/lib/stream.js
/app/node_modules/ws/lib/extension.js
/app/node_modules/ws/lib/websocket.js
/app/node_modules/ws/lib/constants.js
/app/node_modules/ws/lib/sender.js
/app/node_modules/ws/lib/websocket-server.js
/app/node_modules/ws/index.js
/app/node_modules/ws/browser.js
/app/websocket-fix.js
root@vultr:/app# // Original code (example):
const protocol = window.location.protocol === "https:" ? "wss:" : "ws:";
const wsUrl = `${protocol}//${window.location.host}/v2`;
const socket = new WebSocket(wsUrl);

// Change to:
const protocol = window.location.protocol === "https:" ? "https:" : "http:";
const apiUrl = `${protocol}//${window.location.host}/api`;

// Fallback to REST API calls instead of WebSocket
const socket = {
  send: async (message) => {
    try {
      const parsedMessage = JSON.parse(message);
      const response = await fetch(`${apiUrl}/${parsedMessage.type}`, {
        method: 'POST',
        headers: {
          'Content-Type': 'application/json',
        },
        body: JSON.stringify(parsedMessage.data),
      });
      return response.json();
    } catch (error) {
      console.error('Error sending message:', error);
    }
  },
  close: () => {},
  addEventListener: () => {},
};

// Simulate the onopen event
setTimeout(() => {
  if (typeof onopen === 'function') onopen();
}, 100);
-bash: syntax error near unexpected token `('
Command 'const' not found, did you mean:
  command 'coinst' from deb coinst (1.9.3-3build2)
Try: apt install <deb name>
-bash: ${protocol}//${window.location.host}/v2: bad substitution
Command 'const' not found, did you mean:
  command 'coinst' from deb coinst (1.9.3-3build2)
Try: apt install <deb name>
-bash: syntax error near unexpected token `('
-bash: //: Is a directory
Command 'const' not found, did you mean:
  command 'coinst' from deb coinst (1.9.3-3build2)
Try: apt install <deb name>
-bash: ${protocol}//${window.location.host}/api: bad substitution
Command 'const' not found, did you mean:
  command 'coinst' from deb coinst (1.9.3-3build2)
Try: apt install <deb name>
-bash: //: Is a directory
Command 'const' not found, did you mean:
  command 'coinst' from deb coinst (1.9.3-3build2)
Try: apt install <deb name>
-bash: syntax error near unexpected token `('
Command 'try' not found, did you mean:
  command 'trf' from deb trf (4.09.1-5)
  command 'tty' from deb coreutils (8.32-4.1ubuntu1.2)
  command 'pry' from deb pry (0.13.1-2)
  command 'tr' from deb coreutils (8.32-4.1ubuntu1.2)
  command 'trs' from deb konwert (1.8-13.2)
  command 'tre' from deb tre-command (0.3.6-2)
  command 'trn' from deb trn4 (4.0-test77-14)
Try: apt install <deb name>
-bash: syntax error near unexpected token `('
-bash: syntax error near unexpected token `('
method:: command not found
headers:: command not found
Content-Type:: command not found
},: command not found
-bash: syntax error near unexpected token `('
-bash: syntax error near unexpected token `}'
-bash: syntax error near unexpected token `('
-bash: syntax error near unexpected token `}'
-bash: syntax error near unexpected token `'Error sending message:','
-bash: syntax error near unexpected token `}'
},: command not found
-bash: syntax error near unexpected token `='
-bash: syntax error near unexpected token `='
-bash: syntax error near unexpected token `}'
-bash: //: Is a directory
-bash: syntax error near unexpected token `('
-bash: syntax error near unexpected token `onopen'
-bash: syntax error near unexpected token `)'
root@vultr:/app# # Find server files that might be using WebSockets
find /app/server -type f -name "*.ts" -o -name "*.js" | xargs grep -l "WebSocket\|WebSocketServer" 2>/dev/null
root@vultr:/app# // Original code (example):
const wss = new WebSocketServer({ server: httpServer, path: '/v2' });
wss.on('connection', (socket) => {
  // WebSocket handlers
});

// Change to:
// Comment out WebSocket server code temporarily
// const wss = new WebSocketServer({ server: httpServer, path: '/v2' });
// wss.on('connection', (socket) => {
//   // WebSocket handlers
// });

// Add equivalent REST API endpoints
app.post('/api/:messageType', (req, res) => {
  const { messageType } = req.params;
  const data = req.body;

  // Handle the message based on type
  switch (messageType) {
    case 'get_campaigns':
      // Handle get_campaigns message
      break;
    case 'create_campaign':
      // Handle create_campaign message
      break;
    // Add other message types as needed
    default:
      res.status(400).json({ error: `Unknown message type: ${messageType}` });
  }
});
-bash: syntax error near unexpected token `('
-bash: syntax error near unexpected token `('
-bash: syntax error near unexpected token `'connection','
-bash: //: Is a directory
-bash: syntax error near unexpected token `}'
-bash: //: Is a directory
-bash: //: Is a directory
-bash: syntax error near unexpected token `('
-bash: syntax error near unexpected token `('
-bash: //: Is a directory
-bash: syntax error near unexpected token `)'
-bash: //: Is a directory
-bash: syntax error near unexpected token `'/api/:messageType','
Command 'const' not found, did you mean:
  command 'coinst' from deb coinst (1.9.3-3build2)
Try: apt install <deb name>
Command 'const' not found, did you mean:
  command 'coinst' from deb coinst (1.9.3-3build2)
Try: apt install <deb name>
-bash: //: Is a directory
-bash: syntax error near unexpected token `messageType'
-bash: syntax error near unexpected token `//'
-bash: break: only meaningful in a `for', `while', or `until' loop
-bash: syntax error near unexpected token `//'
-bash: break: only meaningful in a `for', `while', or `until' loop
-bash: //: Is a directory
Command 'default:' not found, did you mean:
  command 'defaults' from deb gnustep-base-runtime (1.28.0-4build1)
Try: apt install <deb name>
-bash: syntax error near unexpected token `400'
-bash: syntax error near unexpected token `}'
-bash: syntax error near unexpected token `}'
root@vultr:/app# pm2 restart url-manager
Use --update-env to update environment variables
[PM2] Applying action restartProcessId on app [url-manager](ids: [ 0 ])
[PM2] [url-manager](0) ✓
┌────┬────────────────┬─────────────┬─────────┬─────────┬──────────┬────────┬──────┬───────────┬──────────┬──────────┬──────────┬──────────┐
│ id │ name           │ namespace   │ version │ mode    │ pid      │ uptime │ ↺    │ status    │ cpu      │ mem      │ user     │ watching │
├────┼────────────────┼─────────────┼─────────┼─────────┼──────────┼────────┼──────┼───────────┼──────────┼──────────┼──────────┼──────────┤
│ 0  │ url-manager    │ default     │ 1.0.0   │ fork    │ 22736    │ 0s     │ 8    │ online    │ 0%       │ 4.0kb    │ root     │ disabled │
└────┴────────────────┴─────────────┴─────────┴─────────┴──────────┴────────┴──────┴───────────┴──────────┴──────────┴──────────┴──────────┘
root@vultr:/app#
